11:33:26 **** Auto Build of configuration Debug for project hw_bsp_xgpio_intr_tapp_example_1 ****
make pre-build main-build 
a9-linaro-pre-build-step
 
Building file: ../src/main.c
Invoking: ARM v7 gcc compiler
arm-none-eabi-gcc -Wall -O0 -g3 -c -fmessage-length=0 -MT"src/main.o" -mcpu=cortex-a9 -mfpu=vfpv3 -mfloat-abi=hard -I../../hw_bsp/ps7_cortexa9_0/include -MMD -MP -MF"src/main.d" -MT"src/main.o" -o "src/main.o" "../src/main.c"
../src/main.c: In function 'GpioHandler':
../src/main.c:403:3: warning: implicit declaration of function 'printf' [-Wimplicit-function-declaration]
   printf("BTN0\r\n");
   ^~~~~~
../src/main.c:403:3: warning: incompatible implicit declaration of built-in function 'printf'
../src/main.c:403:3: note: include '<stdio.h>' or provide a declaration of 'printf'
../src/main.c:75:1:
+#include <stdio.h>
 #endif
../src/main.c:403:3:
   printf("BTN0\r\n");
   ^~~~~~
Finished building: ../src/main.c
 
Building target: hw_bsp_xgpio_intr_tapp_example_1.elf
Invoking: ARM v7 gcc linker
arm-none-eabi-gcc -mcpu=cortex-a9 -mfpu=vfpv3 -mfloat-abi=hard -Wl,-build-id=none -specs=Xilinx.spec -Wl,-T -Wl,../src/lscript.ld -L../../hw_bsp/ps7_cortexa9_0/lib -o "hw_bsp_xgpio_intr_tapp_example_1.elf" ./src/main.o   -Wl,--start-group,-lxil,-lgcc,-lc,--end-group
Finished building target: hw_bsp_xgpio_intr_tapp_example_1.elf
 
Invoking: ARM v7 Print Size
arm-none-eabi-size hw_bsp_xgpio_intr_tapp_example_1.elf  |tee "hw_bsp_xgpio_intr_tapp_example_1.elf.size"
   text	   data	    bss	    dec	    hex	filename
  35092	   2976	  22680	  60748	   ed4c	hw_bsp_xgpio_intr_tapp_example_1.elf
Finished building: hw_bsp_xgpio_intr_tapp_example_1.elf.size
 

11:33:26 Build Finished (took 210ms)

