15:00:21 **** Auto Build of configuration Debug for project hw_bsp_xgpio_intr_tapp_example_2 ****
make pre-build main-build 
a9-linaro-pre-build-step
 
Building file: ../src/xgpio_intr_tapp_example.c
Invoking: ARM v7 gcc compiler
arm-none-eabi-gcc -Wall -O0 -g3 -c -fmessage-length=0 -MT"src/xgpio_intr_tapp_example.o" -mcpu=cortex-a9 -mfpu=vfpv3 -mfloat-abi=hard -I../../hw_bsp/ps7_cortexa9_0/include -MMD -MP -MF"src/xgpio_intr_tapp_example.d" -MT"src/xgpio_intr_tapp_example.o" -o "src/xgpio_intr_tapp_example.o" "../src/xgpio_intr_tapp_example.c"
Finished building: ../src/xgpio_intr_tapp_example.c
 
Building target: hw_bsp_xgpio_intr_tapp_example_2.elf
Invoking: ARM v7 gcc linker
arm-none-eabi-gcc -mcpu=cortex-a9 -mfpu=vfpv3 -mfloat-abi=hard -Wl,-build-id=none -specs=Xilinx.spec -Wl,-T -Wl,../src/lscript.ld -L../../hw_bsp/ps7_cortexa9_0/lib -o "hw_bsp_xgpio_intr_tapp_example_2.elf" ./src/xgpio_intr_tapp_example.o   -Wl,--start-group,-lxil,-lgcc,-lc,--end-group
Finished building target: hw_bsp_xgpio_intr_tapp_example_2.elf
 
Invoking: ARM v7 Print Size
arm-none-eabi-size hw_bsp_xgpio_intr_tapp_example_2.elf  |tee "hw_bsp_xgpio_intr_tapp_example_2.elf.size"
   text	   data	    bss	    dec	    hex	filename
  25320	   1936	  22616	  49872	   c2d0	hw_bsp_xgpio_intr_tapp_example_2.elf
Finished building: hw_bsp_xgpio_intr_tapp_example_2.elf.size
 

15:00:21 Build Finished (took 211ms)

